? Starting Automated Trading Strategy Engine...
Loaded 8 market holidays
setRoot method not available, using default configuration
? Trading Strategy Engine initialized with Kite Connect
? Registered 4 trading strategies in priority order
   - Priority 1: Case 1: EMA/VWAP Pullback Strategy (Complete Implementation)
   - Priority 2: Case 2: Hammer Reversal Strategy (Bottom Reversal after Downtrend)
   - Priority 3: Case 3: Breakout + Retest Strategy (Most Powerful Setup)
   - Priority 4: Case 4: Original VWAP Options Strategy (Reversal & Crossover)
? Preloading option tokens for Nifty spot: 22968.25
? Preloaded 22 option tokens
? Trading Strategy Engine initialized
? Daily P&L Reset to ?0.00
? Initial delay: 292 seconds
? Application is running...
? Press Ctrl+C to stop
^C? Starting Automated Trading Strategy Engine...
Loaded 8 market holidays
setRoot method not available, using default configuration
? Trading Strategy Engine initialized with Kite Connect
? Registered 4 trading strategies in priority order
   - Priority 1: Case 1: EMA/VWAP Pullback Strategy (Complete Implementation)
   - Priority 2: Case 2: Hammer Reversal Strategy (Bottom Reversal after Downtrend)
   - Priority 3: Case 3: Breakout + Retest Strategy (Most Powerful Setup)
   - Priority 4: Case 4: Original VWAP Options Strategy (Reversal & Crossover)
? Error initializing instruments: null
? Daily P&L Reset to ?0.00
? Initial delay: 296 seconds
? Application is running...
? Press Ctrl+C to stop

================================================================================
? STARTING TRADING CYCLE AT: Tue Apr 07 09:20:00 IST 2026
================================================================================

================================================================================
? EXECUTING TRADING CYCLE AT: 09:20:00
================================================================================
? At 5-minute boundary (20:0) - ensuring candle finalization completes first...
? Triggering immediate candle finalization for boundary...

============================================================
?? 5-MINUTE CANDLE BOUNDARY: 09:20:00
============================================================
? No active candles to finalize
============================================================
? Notified waiting trading cycles that candles are finalized
? Candle finalization complete! Trading can proceed
?? Case 1: EMA/VWAP Pullback Strategy (Complete Implementation) - execution conditions not met
?? Case 2: Hammer Reversal Strategy (Bottom Reversal after Downtrend) - execution conditions not met
?? Case 3: Breakout + Retest Strategy (Most Powerful Setup) - execution conditions not met
?? Case 4: Original VWAP Options Strategy (Reversal & Crossover) - execution conditions not met
? No trading signals generated by any strategy this cycle

? Trading cycle completed at: 09:20:00

? MARKET STATUS:
   - Last Executed Case: None
   - Daily P&L: ?0.00
   - Open Positions: 0
   - Active Monitors: 0
   - Real-time Candles: INACTIVE
? Next execution in 5 minutes.
================================================================================


================================================================================
? STARTING TRADING CYCLE AT: Tue Apr 07 09:25:00 IST 2026
================================================================================

================================================================================
? EXECUTING TRADING CYCLE AT: 09:25:00
================================================================================
? At 5-minute boundary (25:0) - ensuring candle finalization completes first...
? Trading allowed after completed finalization
?? Case 1: EMA/VWAP Pullback Strategy (Complete Implementation) - execution conditions not met
?? Case 2: Hammer Reversal Strategy (Bottom Reversal after Downtrend) - execution conditions not met
?? Case 3: Breakout + Retest Strategy (Most Powerful Setup) - execution conditions not met
?? Case 4: Original VWAP Options Strategy (Reversal & Crossover) - execution conditions not met
? No trading signals generated by any strategy this cycle

? Trading cycle completed at: 09:25:01

? MARKET STATUS:
   - Last Executed Case: None
   - Daily P&L: ?0.00
   - Open Positions: 0
   - Active Monitors: 0
   - Real-time Candles: INACTIVE
? Next execution in 5 minutes.
================================================================================


================================================================================
? STARTING TRADING CYCLE AT: Tue Apr 07 09:30:00 IST 2026
================================================================================

================================================================================
? EXECUTING TRADING CYCLE AT: 09:30:00
================================================================================
? At 5-minute boundary (30:0) - ensuring candle finalization completes first...
? Trading allowed after completed finalization
?? Case 1: EMA/VWAP Pullback Strategy (Complete Implementation) - execution conditions not met
?? Case 2: Hammer Reversal Strategy (Bottom Reversal after Downtrend) - execution conditions not met
?? Case 3: Breakout + Retest Strategy (Most Powerful Setup) - execution conditions not met
?? Case 4: Original VWAP Options Strategy (Reversal & Crossover) - execution conditions not met
? No trading signals generated by any strategy this cycle

? Trading cycle completed at: 09:30:00

? MARKET STATUS:
   - Last Executed Case: None
   - Daily P&L: ?0.00
   - Open Positions: 0
   - Active Monitors: 0
   - Real-time Candles: INACTIVE
? Next execution in 5 minutes.
================================================================================


================================================================================
? STARTING TRADING CYCLE AT: Tue Apr 07 09:35:00 IST 2026
================================================================================

================================================================================
? EXECUTING TRADING CYCLE AT: 09:35:00
================================================================================
? At 5-minute boundary (35:0) - ensuring candle finalization completes first...
? Trading allowed after completed finalization
?? Case 1: EMA/VWAP Pullback Strategy (Complete Implementation) - execution conditions not met
?? Case 2: Hammer Reversal Strategy (Bottom Reversal after Downtrend) - execution conditions not met
?? Case 3: Breakout + Retest Strategy (Most Powerful Setup) - execution conditions not met
?? Case 4: Original VWAP Options Strategy (Reversal & Crossover) - execution conditions not met
? No trading signals generated by any strategy this cycle

? Trading cycle completed at: 09:35:00

? MARKET STATUS:
   - Last Executed Case: None
   - Daily P&L: ?0.00
   - Open Positions: 0
   - Active Monitors: 0
   - Real-time Candles: INACTIVE
? Next execution in 5 minutes.
================================================================================


================================================================================
? STARTING TRADING CYCLE AT: Tue Apr 07 09:40:00 IST 2026
================================================================================

================================================================================
? EXECUTING TRADING CYCLE AT: 09:40:00
================================================================================
? At 5-minute boundary (40:0) - ensuring candle finalization completes first...
? Trading allowed after completed finalization
?? Case 1: EMA/VWAP Pullback Strategy (Complete Implementation) - execution conditions not met
?? Case 2: Hammer Reversal Strategy (Bottom Reversal after Downtrend) - execution conditions not met
?? Case 3: Breakout + Retest Strategy (Most Powerful Setup) - execution conditions not met
?? Case 4: Original VWAP Options Strategy (Reversal & Crossover) - execution conditions not met
? No trading signals generated by any strategy this cycle

? Trading cycle completed at: 09:40:00

? MARKET STATUS:
   - Last Executed Case: None
   - Daily P&L: ?0.00
   - Open Positions: 0
   - Active Monitors: 0
   - Real-time Candles: INACTIVE
? Next execution in 5 minutes.
================================================================================


================================================================================
? STARTING TRADING CYCLE AT: Tue Apr 07 09:45:00 IST 2026
================================================================================

================================================================================
? EXECUTING TRADING CYCLE AT: 09:45:00
================================================================================
? At 5-minute boundary (45:0) - ensuring candle finalization completes first...
? Trading allowed after completed finalization

??????????????????????????????
EXECUTING: Case 1: EMA/VWAP Pullback Strategy (Complete Implementation)
??????????????????????????????
? Error in trading cycle: null
com.zerodhatech.kiteconnect.kitehttp.exceptions.TokenException
	at com.zerodhatech.kiteconnect.kitehttp.KiteResponseHandler.dealWithException(KiteResponseHandler.java:49)
	at com.zerodhatech.kiteconnect.kitehttp.KiteResponseHandler.handle(KiteResponseHandler.java:21)
	at com.zerodhatech.kiteconnect.kitehttp.KiteRequestHandler.getRequest(KiteRequestHandler.java:164)
	at com.zerodhatech.kiteconnect.KiteConnect.getQuote(KiteConnect.java:831)
	at com.trading.strategy.TradingStrategyEngine.getNiftySpotPrice(TradingStrategyEngine.java:751)
	at com.trading.strategy.EMAVWAPPullbackStrategy.findInstruments(Case2EMAVWAPPullbackStrategy.java:69)
	at com.trading.strategy.TradingStrategyEngine.executeTradingCycle(TradingStrategyEngine.java:206)
	at com.trading.TradingApplication.executeTradingCycle(TradingApplication.java:86)
	at com.trading.TradingApplication$1.run(TradingApplication.java:38)
	at java.base/java.util.TimerThread.mainLoop(Timer.java:566)
	at java.base/java.util.TimerThread.run(Timer.java:516)
? Next execution in 5 minutes.
================================================================================


================================================================================
? STARTING TRADING CYCLE AT: Tue Apr 07 09:50:00 IST 2026
================================================================================

================================================================================
? EXECUTING TRADING CYCLE AT: 09:50:00
================================================================================
? At 5-minute boundary (50:0) - ensuring candle finalization completes first...
? Trading allowed after completed finalization

??????????????????????????????
EXECUTING: Case 1: EMA/VWAP Pullback Strategy (Complete Implementation)
??????????????????????????????
? Error in trading cycle: null
com.zerodhatech.kiteconnect.kitehttp.exceptions.TokenException
	at com.zerodhatech.kiteconnect.kitehttp.KiteResponseHandler.dealWithException(KiteResponseHandler.java:49)
	at com.zerodhatech.kiteconnect.kitehttp.KiteResponseHandler.handle(KiteResponseHandler.java:21)
	at com.zerodhatech.kiteconnect.kitehttp.KiteRequestHandler.getRequest(KiteRequestHandler.java:164)
	at com.zerodhatech.kiteconnect.KiteConnect.getQuote(KiteConnect.java:831)
	at com.trading.strategy.TradingStrategyEngine.getNiftySpotPrice(TradingStrategyEngine.java:751)
	at com.trading.strategy.EMAVWAPPullbackStrategy.findInstruments(Case2EMAVWAPPullbackStrategy.java:69)
	at com.trading.strategy.TradingStrategyEngine.executeTradingCycle(TradingStrategyEngine.java:206)
	at com.trading.TradingApplication.executeTradingCycle(TradingApplication.java:86)
	at com.trading.TradingApplication$1.run(TradingApplication.java:38)
	at java.base/java.util.TimerThread.mainLoop(Timer.java:566)
	at java.base/java.util.TimerThread.run(Timer.java:516)
? Next execution in 5 minutes.
================================================================================


================================================================================
? STARTING TRADING CYCLE AT: Tue Apr 07 09:55:00 IST 2026
================================================================================

================================================================================
? EXECUTING TRADING CYCLE AT: 09:55:00
================================================================================
? At 5-minute boundary (55:0) - ensuring candle finalization completes first...
? Trading allowed after completed finalization

??????????????????????????????
EXECUTING: Case 1: EMA/VWAP Pullback Strategy (Complete Implementation)
??????????????????????????????
? Error in trading cycle: null
com.zerodhatech.kiteconnect.kitehttp.exceptions.TokenException
	at com.zerodhatech.kiteconnect.kitehttp.KiteResponseHandler.dealWithException(KiteResponseHandler.java:49)
	at com.zerodhatech.kiteconnect.kitehttp.KiteResponseHandler.handle(KiteResponseHandler.java:21)
	at com.zerodhatech.kiteconnect.kitehttp.KiteRequestHandler.getRequest(KiteRequestHandler.java:164)
	at com.zerodhatech.kiteconnect.KiteConnect.getQuote(KiteConnect.java:831)
	at com.trading.strategy.TradingStrategyEngine.getNiftySpotPrice(TradingStrategyEngine.java:751)
	at com.trading.strategy.EMAVWAPPullbackStrategy.findInstruments(Case2EMAVWAPPullbackStrategy.java:69)
	at com.trading.strategy.TradingStrategyEngine.executeTradingCycle(TradingStrategyEngine.java:206)
	at com.trading.TradingApplication.executeTradingCycle(TradingApplication.java:86)
	at com.trading.TradingApplication$1.run(TradingApplication.java:38)
	at java.base/java.util.TimerThread.mainLoop(Timer.java:566)
	at java.base/java.util.TimerThread.run(Timer.java:516)
? Next execution in 5 minutes.
================================================================================


================================================================================
? STARTING TRADING CYCLE AT: Tue Apr 07 10:00:00 IST 2026
================================================================================

================================================================================
? EXECUTING TRADING CYCLE AT: 10:00:00
================================================================================
? At 5-minute boundary (0:0) - ensuring candle finalization completes first...
? Trading allowed after completed finalization

??????????????????????????????
EXECUTING: Case 1: EMA/VWAP Pullback Strategy (Complete Implementation)
??????????????????????????????
? Error in trading cycle: null
com.zerodhatech.kiteconnect.kitehttp.exceptions.TokenException
	at com.zerodhatech.kiteconnect.kitehttp.KiteResponseHandler.dealWithException(KiteResponseHandler.java:49)
	at com.zerodhatech.kiteconnect.kitehttp.KiteResponseHandler.handle(KiteResponseHandler.java:21)
	at com.zerodhatech.kiteconnect.kitehttp.KiteRequestHandler.getRequest(KiteRequestHandler.java:164)
	at com.zerodhatech.kiteconnect.KiteConnect.getQuote(KiteConnect.java:831)
	at com.trading.strategy.TradingStrategyEngine.getNiftySpotPrice(TradingStrategyEngine.java:751)
	at com.trading.strategy.EMAVWAPPullbackStrategy.findInstruments(Case2EMAVWAPPullbackStrategy.java:69)
	at com.trading.strategy.TradingStrategyEngine.executeTradingCycle(TradingStrategyEngine.java:206)
	at com.trading.TradingApplication.executeTradingCycle(TradingApplication.java:86)
	at com.trading.TradingApplication$1.run(TradingApplication.java:38)
	at java.base/java.util.TimerThread.mainLoop(Timer.java:566)
	at java.base/java.util.TimerThread.run(Timer.java:516)
? Next execution in 5 minutes.
================================================================================


================================================================================
? STARTING TRADING CYCLE AT: Tue Apr 07 10:05:00 IST 2026
================================================================================

================================================================================
? EXECUTING TRADING CYCLE AT: 10:05:00
================================================================================
? At 5-minute boundary (5:1) - ensuring candle finalization completes first...
? Trading allowed after completed finalization

??????????????????????????????
EXECUTING: Case 1: EMA/VWAP Pullback Strategy (Complete Implementation)
??????????????????????????????
? Error in trading cycle: null
com.zerodhatech.kiteconnect.kitehttp.exceptions.TokenException
	at com.zerodhatech.kiteconnect.kitehttp.KiteResponseHandler.dealWithException(KiteResponseHandler.java:49)
	at com.zerodhatech.kiteconnect.kitehttp.KiteResponseHandler.handle(KiteResponseHandler.java:21)
	at com.zerodhatech.kiteconnect.kitehttp.KiteRequestHandler.getRequest(KiteRequestHandler.java:164)
	at com.zerodhatech.kiteconnect.KiteConnect.getQuote(KiteConnect.java:831)
	at com.trading.strategy.TradingStrategyEngine.getNiftySpotPrice(TradingStrategyEngine.java:751)
	at com.trading.strategy.EMAVWAPPullbackStrategy.findInstruments(Case2EMAVWAPPullbackStrategy.java:69)
	at com.trading.strategy.TradingStrategyEngine.executeTradingCycle(TradingStrategyEngine.java:206)
	at com.trading.TradingApplication.executeTradingCycle(TradingApplication.java:86)
	at com.trading.TradingApplication$1.run(TradingApplication.java:38)
	at java.base/java.util.TimerThread.mainLoop(Timer.java:566)
	at java.base/java.util.TimerThread.run(Timer.java:516)
? Next execution in 5 minutes.
================================================================================


================================================================================
? STARTING TRADING CYCLE AT: Tue Apr 07 10:10:00 IST 2026
================================================================================

================================================================================
? EXECUTING TRADING CYCLE AT: 10:10:00
================================================================================
? At 5-minute boundary (10:0) - ensuring candle finalization completes first...
? Trading allowed after completed finalization

??????????????????????????????
EXECUTING: Case 1: EMA/VWAP Pullback Strategy (Complete Implementation)
??????????????????????????????
? Error in trading cycle: null
com.zerodhatech.kiteconnect.kitehttp.exceptions.TokenException
	at com.zerodhatech.kiteconnect.kitehttp.KiteResponseHandler.dealWithException(KiteResponseHandler.java:49)
	at com.zerodhatech.kiteconnect.kitehttp.KiteResponseHandler.handle(KiteResponseHandler.java:21)
	at com.zerodhatech.kiteconnect.kitehttp.KiteRequestHandler.getRequest(KiteRequestHandler.java:164)
	at com.zerodhatech.kiteconnect.KiteConnect.getQuote(KiteConnect.java:831)
	at com.trading.strategy.TradingStrategyEngine.getNiftySpotPrice(TradingStrategyEngine.java:751)
	at com.trading.strategy.EMAVWAPPullbackStrategy.findInstruments(Case2EMAVWAPPullbackStrategy.java:69)
	at com.trading.strategy.TradingStrategyEngine.executeTradingCycle(TradingStrategyEngine.java:206)
	at com.trading.TradingApplication.executeTradingCycle(TradingApplication.java:86)
	at com.trading.TradingApplication$1.run(TradingApplication.java:38)
	at java.base/java.util.TimerThread.mainLoop(Timer.java:566)
	at java.base/java.util.TimerThread.run(Timer.java:516)
? Next execution in 5 minutes.
================================================================================


================================================================================
? STARTING TRADING CYCLE AT: Tue Apr 07 10:15:00 IST 2026
================================================================================

================================================================================
? EXECUTING TRADING CYCLE AT: 10:15:00
================================================================================
? At 5-minute boundary (15:0) - ensuring candle finalization completes first...
? Trading allowed after completed finalization

??????????????????????????????
EXECUTING: Case 1: EMA/VWAP Pullback Strategy (Complete Implementation)
??????????????????????????????
? Error in trading cycle: null
com.zerodhatech.kiteconnect.kitehttp.exceptions.TokenException
	at com.zerodhatech.kiteconnect.kitehttp.KiteResponseHandler.dealWithException(KiteResponseHandler.java:49)
	at com.zerodhatech.kiteconnect.kitehttp.KiteResponseHandler.handle(KiteResponseHandler.java:21)
	at com.zerodhatech.kiteconnect.kitehttp.KiteRequestHandler.getRequest(KiteRequestHandler.java:164)
	at com.zerodhatech.kiteconnect.KiteConnect.getQuote(KiteConnect.java:831)
	at com.trading.strategy.TradingStrategyEngine.getNiftySpotPrice(TradingStrategyEngine.java:751)
	at com.trading.strategy.EMAVWAPPullbackStrategy.findInstruments(Case2EMAVWAPPullbackStrategy.java:69)
	at com.trading.strategy.TradingStrategyEngine.executeTradingCycle(TradingStrategyEngine.java:206)
	at com.trading.TradingApplication.executeTradingCycle(TradingApplication.java:86)
	at com.trading.TradingApplication$1.run(TradingApplication.java:38)
	at java.base/java.util.TimerThread.mainLoop(Timer.java:566)
	at java.base/java.util.TimerThread.run(Timer.java:516)
? Next execution in 5 minutes.
================================================================================


================================================================================
? STARTING TRADING CYCLE AT: Tue Apr 07 10:20:00 IST 2026
================================================================================

================================================================================
? EXECUTING TRADING CYCLE AT: 10:20:00
================================================================================
? At 5-minute boundary (20:0) - ensuring candle finalization completes first...
? Trading allowed after completed finalization

??????????????????????????????
EXECUTING: Case 1: EMA/VWAP Pullback Strategy (Complete Implementation)
??????????????????????????????
? Error in trading cycle: null
com.zerodhatech.kiteconnect.kitehttp.exceptions.TokenException
	at com.zerodhatech.kiteconnect.kitehttp.KiteResponseHandler.dealWithException(KiteResponseHandler.java:49)
	at com.zerodhatech.kiteconnect.kitehttp.KiteResponseHandler.handle(KiteResponseHandler.java:21)
	at com.zerodhatech.kiteconnect.kitehttp.KiteRequestHandler.getRequest(KiteRequestHandler.java:164)
	at com.zerodhatech.kiteconnect.KiteConnect.getQuote(KiteConnect.java:831)
	at com.trading.strategy.TradingStrategyEngine.getNiftySpotPrice(TradingStrategyEngine.java:751)
	at com.trading.strategy.EMAVWAPPullbackStrategy.findInstruments(Case2EMAVWAPPullbackStrategy.java:69)
	at com.trading.strategy.TradingStrategyEngine.executeTradingCycle(TradingStrategyEngine.java:206)
	at com.trading.TradingApplication.executeTradingCycle(TradingApplication.java:86)
	at com.trading.TradingApplication$1.run(TradingApplication.java:38)
	at java.base/java.util.TimerThread.mainLoop(Timer.java:566)
	at java.base/java.util.TimerThread.run(Timer.java:516)
? Next execution in 5 minutes.
================================================================================

^C